
i*0.1                           0.06 
i*0.1*16                          1.00 
i*0.3                           0.25 
i*0.3*16                          4.00 
i*0.7                           0.68 
i*0.7*16                         11.00 
i*1.5                           1.50 
i*1.5*16                         24.00 
i+0.5                          1.50 
i=1.5 cmp               '1'B 
