
ZZZZ     [                                      ] 
ZZZ9     [                 0                    ] 
ZZV.ZZ   [                                      ] 
ZZ9V.ZZ  [                0.00                  ] 
ZZV.Z9   [                .00                   ] 
ZZ,ZZZ   [                                      ] 
$ZZ9V.ZZ [              $  0.00                 ] 
****     [              ****                    ] 
ZZV.ZZ 0.05 [             .05                   ] 
ZZV.Z9 0.05 [             .05                   ] 
